07-25 11:54:33.345  6643  6675 I TestRunner: started: shouldShowLocationName(com.example.rbcweather.presentation.detailscreen.WeatherDetailScreenTest)
07-25 11:54:33.425  3936  6582 W acut    : (REDACTED) [%s] response code: %d
07-25 11:54:33.451  6643  6675 W FileTestStorage: Output properties is not supported.
07-25 11:54:33.452  6643  6675 I Tracing : Tracer added: class androidx.test.platform.tracing.AndroidXTracer
07-25 11:54:33.462  6643  6643 D EventInjectionStrategy: Creating injection strategy with input manager.
07-25 11:54:33.463  6643  6643 I mple.rbcweather: hiddenapi: Accessing hidden method Landroid/hardware/input/InputManager;->getInstance()Landroid/hardware/input/InputManager; (runtime_flags=0, domain=platform, api=unsupported) from Landroidx/test/espresso/base/InputManagerEventInjectionStrategy; (domain=app) using reflection: allowed
07-25 11:54:33.464  6643  6643 I mple.rbcweather: hiddenapi: Accessing hidden method Landroid/hardware/input/InputManager;->injectInputEvent(Landroid/view/InputEvent;I)Z (runtime_flags=0, domain=platform, api=unsupported) from Landroidx/test/espresso/base/InputManagerEventInjectionStrategy; (domain=app) using reflection: allowed
07-25 11:54:33.465  6643  6643 I mple.rbcweather: hiddenapi: Accessing hidden field Landroid/hardware/input/InputManager;->INJECT_INPUT_EVENT_MODE_WAIT_FOR_FINISH:I (runtime_flags=0, domain=platform, api=unsupported) from Landroidx/test/espresso/base/InputManagerEventInjectionStrategy; (domain=app) using reflection: allowed
07-25 11:54:33.468  6643  6643 I mple.rbcweather: hiddenapi: Accessing hidden method Landroid/os/MessageQueue;->next()Landroid/os/Message; (runtime_flags=0, domain=platform, api=unsupported) from Landroidx/test/espresso/base/Interrogator; (domain=app) using reflection: allowed
07-25 11:54:33.468  6643  6643 I mple.rbcweather: hiddenapi: Accessing hidden field Landroid/os/MessageQueue;->mMessages:Landroid/os/Message; (runtime_flags=0, domain=platform, api=unsupported) from Landroidx/test/espresso/base/Interrogator; (domain=app) using reflection: allowed
07-25 11:54:33.469  6643  6643 I mple.rbcweather: hiddenapi: Accessing hidden method Landroid/os/Message;->recycleUnchecked()V (runtime_flags=0, domain=platform, api=unsupported) from Landroidx/test/espresso/base/Interrogator; (domain=app) using reflection: allowed
07-25 11:54:33.469  6643  6675 D IdlingRegistry: Registering idling resources: [androidx.compose.ui.test.EspressoLink@a726efc]
07-25 11:54:33.495  6643  6675 W Settings: Setting always_finish_activities has moved from android.provider.Settings.System to android.provider.Settings.Global, returning read-only value.
07-25 11:54:33.498  6643  6675 E ashmem  : Pinning is deprecated since Android Q. Please use trim or other methods.
07-25 11:54:33.510   700  1693 I system_server: AssetManager2(0xb40000754e239c18) locale list changing from [] to [en-US]
07-25 11:54:33.511   700  1693 V GrammaticalInflectionUtils: AttributionSource: AttributionSource { uid = 10234, packageName = null, attributionTag = null, token = android.os.Binder@a53fe5c, deviceId = 0, next = null } does not have READ_SYSTEM_GRAMMATICAL_GENDER permission.
07-25 11:54:33.518   523   666 I BpBinder: onLastStrongRef automatically unlinking death recipients:
07-25 11:54:33.522   985  1166 I ndroid.systemui: AssetManager2(0xb40000754e2586b8) locale list changing from [] to [en-US]
07-25 11:54:33.525  1129  1129 W SplitSelectStateCtor: Missing session instanceIds
07-25 11:54:33.527  1129  1129 D StatsLog: LAUNCHER_SPLIT_SELECTION_EXIT_INTERRUPTED
07-25 11:54:33.544   596   689 W IPCThreadState: Sending oneway calls to frozen process.
07-25 11:54:33.547   523   523 I BpBinder: onLastStrongRef automatically unlinking death recipients:
07-25 11:54:33.549   985  1167 D SplashScreenView: Build android.window.SplashScreenView{bf67f07 V.E...... ......ID 0,0-0,0}
07-25 11:54:33.549   985  1167 D SplashScreenView: Icon: view: null drawable: null size: 0
07-25 11:54:33.549   985  1167 D SplashScreenView: Branding: view: android.view.View{9126834 G.ED..... ......I. 0,0-0,0 #1020541 android:id/splashscreen_branding_view} drawable: null size w: 0 h: 0
07-25 11:54:33.590  6643  6643 I mple.rbcweather: AssetManager2(0xb40000754e220f38) locale list changing from [] to [en-US]
07-25 11:54:33.645  6643  6643 D LifecycleMonitor: Lifecycle status change: androidx.activity.ComponentActivity@b04478a in: PRE_ON_CREATE
07-25 11:54:33.646  6643  6643 V ActivityScenario: Activity lifecycle changed event received but ignored because the reported transition was not ON_CREATE while the last known transition was PRE_ON_CREATE
07-25 11:54:33.661  6643  6677 I EGL_emulation: Opening libGLESv1_CM_emulation.so
07-25 11:54:33.662  6643  6677 I EGL_emulation: Opening libGLESv2_emulation.so
07-25 11:54:33.662  6643  6643 E mple.rbcweather: Invalid resource ID 0x00000000.
07-25 11:54:33.692  6643  6643 D CompatChangeReporter: Compat change id reported: 309578419; UID 10234; state: ENABLED
07-25 11:54:33.698  6643  6643 D DesktopModeFlags: Toggle override initialized to: OVERRIDE_UNSET
07-25 11:54:33.783  6643  6643 D LifecycleMonitor: Lifecycle status change: androidx.activity.ComponentActivity@b04478a in: CREATED
07-25 11:54:33.785  6643  6643 V ActivityScenario: Update currentActivityStage to CREATED, currentActivity=androidx.activity.ComponentActivity@b04478a
07-25 11:54:33.788  6643  6643 D LifecycleMonitor: Lifecycle status change: androidx.activity.ComponentActivity@b04478a in: STARTED
07-25 11:54:33.789  6643  6643 V ActivityScenario: Update currentActivityStage to STARTED, currentActivity=androidx.activity.ComponentActivity@b04478a
07-25 11:54:33.804  6643  6677 W HWUI    : Failed to choose config with EGL_SWAP_BEHAVIOR_PRESERVED, retrying without...
07-25 11:54:33.805  6643  6677 W HWUI    : Failed to initialize 101010-2 format, error = EGL_SUCCESS
07-25 11:54:33.810  6643  6643 D LifecycleMonitor: Lifecycle status change: androidx.activity.ComponentActivity@b04478a in: RESUMED
07-25 11:54:33.811  6643  6643 V ActivityScenario: Update currentActivityStage to RESUMED, currentActivity=androidx.activity.ComponentActivity@b04478a
07-25 11:54:33.813  6643  6643 D CompatChangeReporter: Compat change id reported: 352594277; UID 10234; state: ENABLED
07-25 11:54:33.840  6643  6643 D CompatChangeReporter: Compat change id reported: 349153669; UID 10234; state: ENABLED
07-25 11:54:33.844  6643  6643 W HWUI    : Unknown dataspace 0
07-25 11:54:33.868   523  1120 W ServiceManagerCppClient: Permission failure: android.permission.ACCESS_SURFACE_FLINGER from uid=10234 pid=0
07-25 11:54:33.868   523  1120 D PermissionCache: checking android.permission.ACCESS_SURFACE_FLINGER for uid=10234 => denied (1854 us)
07-25 11:54:33.868   523   668 W ServiceManagerCppClient: Permission failure: android.permission.ACCESS_SURFACE_FLINGER from uid=10234 pid=6643
07-25 11:54:33.868   523   668 D PermissionCache: checking android.permission.ACCESS_SURFACE_FLINGER for uid=10234 => denied (1000 us)
07-25 11:54:33.868   523  1120 W ServiceManagerCppClient: Permission failure: android.permission.ROTATE_SURFACE_FLINGER from uid=10234 pid=0
07-25 11:54:33.868   523  1120 D PermissionCache: checking android.permission.ROTATE_SURFACE_FLINGER for uid=10234 => denied (608 us)
07-25 11:54:33.868   523  1120 W ServiceManagerCppClient: Permission failure: android.permission.INTERNAL_SYSTEM_WINDOW from uid=10234 pid=0
07-25 11:54:33.869   523  1120 D PermissionCache: checking android.permission.INTERNAL_SYSTEM_WINDOW for uid=10234 => denied (115 us)
07-25 11:54:33.869   523   668 W ServiceManagerCppClient: Permission failure: android.permission.ROTATE_SURFACE_FLINGER from uid=10234 pid=6643
07-25 11:54:33.869   523   668 D PermissionCache: checking android.permission.ROTATE_SURFACE_FLINGER for uid=10234 => denied (1262 us)
07-25 11:54:33.931   700  2072 W ServiceManagerCppClient: Permission failure: android.permission.ACCESS_SURFACE_FLINGER from uid=10234 pid=0
07-25 11:54:33.931   700  2072 D PermissionCache: checking android.permission.ACCESS_SURFACE_FLINGER for uid=10234 => denied (114 us)
07-25 11:54:33.931   700  2072 W ServiceManagerCppClient: Permission failure: android.permission.ROTATE_SURFACE_FLINGER from uid=10234 pid=0
07-25 11:54:33.931   700  2072 D PermissionCache: checking android.permission.ROTATE_SURFACE_FLINGER for uid=10234 => denied (36 us)
07-25 11:54:33.931   700  2072 W ServiceManagerCppClient: Permission failure: android.permission.INTERNAL_SYSTEM_WINDOW from uid=10234 pid=0
07-25 11:54:33.931   700  2072 D PermissionCache: checking android.permission.INTERNAL_SYSTEM_WINDOW for uid=10234 => denied (175 us)
07-25 11:54:33.946   700   736 I ActivityTaskManager: Displayed com.example.rbcweather/androidx.activity.ComponentActivity for user 0: +437ms
07-25 11:54:33.960   700   838 I ImeTracker: com.example.rbcweather:e881ac77: onRequestHide at ORIGIN_SERVER reason HIDE_UNSPECIFIED_WINDOW fromUser false
07-25 11:54:33.961  6643  6643 D InsetsController: hide(ime(), fromIme=false)
07-25 11:54:33.961  6643  6643 I ImeTracker: com.example.rbcweather:e881ac77: onCancelled at PHASE_CLIENT_ALREADY_HIDDEN
07-25 11:54:33.973   700   784 I ImeTracker: system_server:cb48ec46: onRequestHide at ORIGIN_SERVER reason IME_REQUESTED_CHANGED_LISTENER fromUser false
07-25 11:54:33.979  1494  1494 I GoogleInputMethodService: GoogleInputMethodService.onFinishInput():2043
07-25 11:54:33.981   700   739 I ImeTracker: system_server:cb48ec46: onCancelled at PHASE_SERVER_SHOULD_HIDE
07-25 11:54:33.992  1494  1494 I Module  : DeviceLockedStatusModuleProvider$Module.updateDeviceLockedStatus():100 repeatCheckTimes = 0, locked = false
07-25 11:54:34.003  1494  1494 I GoogleInputMethodService: GoogleInputMethodService.onStartInput():1293 onStartInput(EditorInfo{EditorInfo{packageName=com.example.rbcweather, inputType=0, inputTypeString=NULL, enableLearning=false, autoCorrection=false, autoComplete=false, imeOptions=0, privateImeOptions=null, actionName=UNSPECIFIED, actionLabel=null, initialSelStart=-1, initialSelEnd=-1, initialCapsMode=0, label=null, fieldId=0, fieldName=null, extras=null, hintText=null, hintLocales=[]}}, false)
07-25 11:54:34.008  1494  1494 I Module  : DeviceLockedStatusModuleProvider$Module.updateDeviceLockedStatus():100 repeatCheckTimes = 1, locked = false
07-25 11:54:34.012  1494  1494 I EmojiCompatManager: EmojiCompatManager.getEmojiCompatIfLoaded():343 EmojiCompat.init() was never called.
07-25 11:54:34.012  1494  1494 I EmojiCompatManager: java.lang.IllegalStateException: EmojiCompat is not initialized. Please call EmojiCompat.init() first
07-25 11:54:34.012  1494  1494 I EmojiCompatManager: 	at asx.p(PG:6)
07-25 11:54:34.012  1494  1494 I EmojiCompatManager: 	at axb.b(PG:13)
07-25 11:54:34.012  1494  1494 I EmojiCompatManager: 	at jnr.b(PG:2)
07-25 11:54:34.012  1494  1494 I EmojiCompatManager: 	at jnr.c(PG:4)
07-25 11:54:34.012  1494  1494 I EmojiCompatManager: 	at jnr.f(PG:3)
07-25 11:54:34.012  1494  1494 I EmojiCompatManager: 	at jnx.c(PG:3)
07-25 11:54:34.012  1494  1494 I EmojiCompatManager: 	at kif.cz(PG:47)
07-25 11:54:34.012  1494  1494 I EmojiCompatManager: 	at lhl.run(PG:1025)
07-25 11:54:34.012  1494  1494 I EmojiCompatManager: 	at jaf.execute(PG:12)
07-25 11:54:34.012  1494  1494 I EmojiCompatManager: 	at nco.v(PG:13)
07-25 11:54:34.012  1494  1494 I EmojiCompatManager: 	at lhn.m(PG:96)
07-25 11:54:34.012  1494  1494 I EmojiCompatManager: 	at lhn.k(PG:25)
07-25 11:54:34.012  1494  1494 I EmojiCompatManager: 	at kgn.onStartInput(PG:250)
07-25 11:54:34.012  1494  1494 I EmojiCompatManager: 	at android.inputmethodservice.InputMethodService.doStartInput(InputMethodService.java:3521)
07-25 11:54:34.012  1494  1494 I EmojiCompatManager: 	at android.inputmethodservice.InputMethodService$InputMethodImpl.startInput(InputMethodService.java:879)
07-25 11:54:34.012  1494  1494 I EmojiCompatManager: 	at android.inputmethodservice.InputMethodService$InputMethodImpl.dispatchStartInput(InputMethodService.java:908)
07-25 11:54:34.012  1494  1494 I EmojiCompatManager: 	at android.inputmethodservice.IInputMethodWrapper.executeMessage(IInputMethodWrapper.java:201)
07-25 11:54:34.012  1494  1494 I EmojiCompatManager: 	at com.android.internal.os.HandlerCaller$MyHandler.handleMessage(HandlerCaller.java:44)
07-25 11:54:34.012  1494  1494 I EmojiCompatManager: 	at android.os.Handler.dispatchMessage(Handler.java:110)
07-25 11:54:34.012  1494  1494 I EmojiCompatManager: 	at android.os.Looper.loopOnce(Looper.java:248)
07-25 11:54:34.012  1494  1494 I EmojiCompatManager: 	at android.os.Looper.loop(Looper.java:338)
07-25 11:54:34.012  1494  1494 I EmojiCompatManager: 	at android.app.ActivityThread.main(ActivityThread.java:9067)
07-25 11:54:34.012  1494  1494 I EmojiCompatManager: 	at java.lang.reflect.Method.invoke(Native Method)
07-25 11:54:34.012  1494  1494 I EmojiCompatManager: 	at com.android.internal.os.RuntimeInit$MethodAndArgsCaller.run(RuntimeInit.java:593)
07-25 11:54:34.012  1494  1494 I EmojiCompatManager: 	at com.android.internal.os.ZygoteInit.main(ZygoteInit.java:932)
07-25 11:54:34.135  1129  1129 D VRI[NexusLauncherActivity]: visibilityChanged oldVisibility=true newVisibility=false
07-25 11:54:34.145  1129  1129 D NexusLauncherModelDelegate: notifySmartspaceEvent: SmartspaceTargetEvent{mSmartspaceTarget=null, mSmartspaceActionId='null', mEventType=7}
07-25 11:54:34.157   700   867 D WifiClientModeImpl[12115:wlan0]: updateLinkLayerStatsRssiSpeedFrequencyCapabilities rssi=-50 TxLinkspeed=1 freq=2447 RxLinkSpeed=2
07-25 11:54:34.158   700   867 D WifiDataStall: tx tput in kbps: 11000
07-25 11:54:34.158   700   867 D WifiDataStall: rx tput in kbps: 11000
07-25 11:54:34.158   700   867 V WifiConfigManager: Updating scan detail cache freq=2447 BSSID=00:13:10:85:fe:01 RSSI=-50 for "AndroidWifi"NONE
07-25 11:54:34.158   700   867 D WifiThroughputPredictor:  utilization (LLS) 80 isBluetoothConnected: false final utilization: 80
07-25 11:54:34.158   700   867 D WifiThroughputPredictor:  BW: 0 RSSI: -50 Nss: 1 Mode: 1 symDur: 4000 snrDb 30 bitPerTone: 4500 rate: 54 throughput: 11
07-25 11:54:34.158   700   867 D WifiThroughputPredictor:  utilization (LLS) 80 isBluetoothConnected: false final utilization: 80
07-25 11:54:34.158   700   867 D WifiThroughputPredictor:  BW: 0 RSSI: -50 Nss: 1 Mode: 1 symDur: 4000 snrDb 30 bitPerTone: 4500 rate: 54 throughput: 11
07-25 11:54:34.159   700   867 D WifiThroughputPredictor:  utilization (LLS) 80 isBluetoothConnected: false final utilization: 80
07-25 11:54:34.159   700   867 D WifiThroughputPredictor:  BW: 0 RSSI: -50 Nss: 1 Mode: 1 symDur: 4000 snrDb 30 bitPerTone: 4500 rate: 54 throughput: 11
07-25 11:54:34.159   700   867 D WifiThroughputPredictor:  utilization (LLS) 80 isBluetoothConnected: false final utilization: 80
07-25 11:54:34.159   700   867 D WifiThroughputPredictor:  BW: 0 RSSI: -50 Nss: 1 Mode: 1 symDur: 4000 snrDb 30 bitPerTone: 4500 rate: 54 throughput: 11
07-25 11:54:34.161   700   867 D WifiScoreCard: BSSID update SIGNAL_POLL ID: 347015229 SSID: "AndroidWifi", BSSID: 00:13:10:85:fe:01, MAC: 02:15:b2:00:00:00, IP: /10.0.2.16, Security type: 0, Supplicant state: COMPLETED, Wi-Fi standard: legacy, RSSI: -50, Link speed: 1Mbps, Tx Link speed: 1Mbps, Max Supported Tx Link speed: 11Mbps, Rx Link speed: 2Mbps, Max Supported Rx Link speed: 11Mbps, Frequency: 2447MHz, Net ID: 0, Metered hint: false, score: 60, isUsable: true, CarrierMerged: false, SubscriptionId: -1, IsPrimary: 1, Trusted: true, Restricted: false, Ephemeral: false, OEM paid: false, OEM private: false, OSU AP: false, FQDN: <none>, Provider friendly name: <none>, Requesting package name: <none>"AndroidWifi"openMLO Information: , Is TID-To-Link negotiation supported by the AP: false, AP MLD Address: <none>, AP MLO Link Id: <none>, AP MLO Affiliated links: <none>, Vendor Data: <none>
07-25 11:54:34.163   700   867 D WifiScoreCard: txRate: 9 txSpeed: 1
07-25 11:54:34.163   700   867 D WifiScoreCard: network update SIGNAL_POLL "AndroidWifi" ID: 799814 RSSI -50 txSpeed 1
07-25 11:54:34.164   700   867 D WifiClientModeImpl[12115:wlan0]:  ClientModeImpl$L2ConnectedState screen=on 1 0 "AndroidWifi" 00:13:10:85:fe:01 rssi=-50 f=2447 sc=60 link=1 tx=8.7, 0.0, 0.0 rx=8.7 bcn=0 [on:0 tx:0 rx:0 period:3009] from screen [on:0 period:1112217396] score=60
07-25 11:54:34.178  1129  1129 D BaseDepthController: setSurface:
07-25 11:54:34.178  1129  1129 D BaseDepthController: 	mWaitingOnSurfaceValidity: false
07-25 11:54:34.178  1129  1129 D BaseDepthController: 	mBaseSurface: null
07-25 11:54:34.180  1129  1129 D BaseDepthController: mSurface is null and mCurrentBlur is: 0
07-25 11:54:34.181  1129  1129 D StateManager: goToState - fromState: Normal, toState: Normal, partial trace:
07-25 11:54:34.181  1129  1129 D StateManager: 	at com.android.launcher3.statemanager.StateManager.moveToRestState(go/retraceme 5a544d9e8fb14194a69e2b7a778e7e5394990cdcfcf28c73553bb75ca978b9e9:4)
07-25 11:54:34.181  1129  1129 D StateManager: 	at com.android.launcher3.statemanager.StateManager.moveToRestState(go/retraceme 5a544d9e8fb14194a69e2b7a778e7e5394990cdcfcf28c73553bb75ca978b9e9:1)
07-25 11:54:34.181  1129  1129 D StateManager: 	at com.android.launcher3.statemanager.StatefulActivity.onStop(go/retraceme 5a544d9e8fb14194a69e2b7a778e7e5394990cdcfcf28c73553bb75ca978b9e9:34)
07-25 11:54:34.182  1129  1129 D StatsLog: LAUNCHER_ONSTOP
07-25 11:54:34.183  1129  1129 D StatsLog: LAUNCHER_GOOGLE_SEARCH_RESTORE_LIST_SIZE_AFTER_ACTIVITY_RESTART
07-25 11:54:34.211   596   689 W IPCThreadState: Sending oneway calls to frozen process.
07-25 11:54:34.237   985  1166 W WindowOnBackDispatcher: sendCancelIfRunning: isInProgress=false callback=android.view.ViewRootImpl$$ExternalSyntheticLambda13@6f204a3
07-25 11:54:34.253  1129  1144 W System  : A resource failed to call release.
07-25 11:54:34.253  1129  1144 W System  : A resource failed to call release.
07-25 11:54:34.253  1129  1144 W System  : A resource failed to call release.
07-25 11:54:34.309  6643  6647 I mple.rbcweather: Compiler allocated 5111KB to compile void android.view.ViewRootImpl.performTraversals()
07-25 11:54:34.334  1379  1773 I FontLog : Received query Noto Color Emoji Compat, URI content://com.google.android.gms.fonts [CONTEXT service_id=132 ]
07-25 11:54:34.335  1379  1773 I FontLog : Query [emojicompat-emoji-font] resolved to {Noto Color Emoji Compat, wdth 100.0, wght 400, ital 0.0, bestEffort false}, isVf false} [CONTEXT service_id=132 ]
07-25 11:54:34.338  1379  1773 I FontLog : Fetch {Noto Color Emoji Compat, wdth 100.0, wght 400, ital 0.0, bestEffort false}, isVf false} end status Status{statusCode=SUCCESS, resolution=null} [CONTEXT service_id=132 ]
07-25 11:54:34.343  1379  1773 I FontLog : Pulling font file for id = 21, cache size = 5 [CONTEXT service_id=132 ]
07-25 11:54:34.345   460   535 I netd    : tetherGetStats() -> {[]} <0.82ms>
07-25 11:54:34.350  1379  1773 I FontLog : Pulling font file for id = 21, cache size = 5 [CONTEXT service_id=132 ]
07-25 11:54:34.499   700   883 D InetDiagMessage: Destroyed 0 sockets, proto=IPPROTO_TCP, family=AF_INET, states=14
07-25 11:54:34.502   700   883 D InetDiagMessage: Destroyed 0 sockets, proto=IPPROTO_TCP, family=AF_INET6, states=14
07-25 11:54:34.502   700   883 D InetDiagMessage: Destroyed live tcp sockets for uids={10168} in 3ms
07-25 11:54:34.503   700   883 D InetDiagMessage: Destroyed 0 sockets, proto=IPPROTO_TCP, family=AF_INET, states=14
07-25 11:54:34.503   700   883 D InetDiagMessage: Destroyed 0 sockets, proto=IPPROTO_TCP, family=AF_INET6, states=14
07-25 11:54:34.503   700   883 D InetDiagMessage: Destroyed live tcp sockets for uids={20168} in 1ms
07-25 11:54:34.683   460   535 I netd    : setProcSysNet(4, 2, wlan0, retrans_time_ms, 750) <0.42ms>
07-25 11:54:34.684   460   534 I netd    : setProcSysNet(4, 2, wlan0, ucast_solicit, 10) <0.02ms>
07-25 11:54:34.684   460   534 I netd    : setProcSysNet(6, 2, wlan0, retrans_time_ms, 750) <0.41ms>
07-25 11:54:34.684   460   534 I netd    : setProcSysNet(6, 2, wlan0, ucast_solicit, 10) <0.01ms>
07-25 11:54:35.144   700   784 V GrammaticalInflectionUtils: AttributionSource: AttributionSource { uid = 10234, packageName = null, attributionTag = null, token = android.os.Binder@a53fe5c, deviceId = 0, next = null } does not have READ_SYSTEM_GRAMMATICAL_GENDER permission.
07-25 11:54:35.146   523   568 I BpBinder: onLastStrongRef automatically unlinking death recipients:
07-25 11:54:35.149  6643  6643 D LifecycleMonitor: Lifecycle status change: androidx.activity.ComponentActivity@b04478a in: PAUSED
07-25 11:54:35.149  6643  6643 V ActivityScenario: Update currentActivityStage to PAUSED, currentActivity=androidx.activity.ComponentActivity@b04478a
07-25 11:54:35.154  6643  6643 D LifecycleMonitor: Lifecycle status change: androidx.test.core.app.InstrumentationActivityInvoker$EmptyActivity@1beda32 in: PRE_ON_CREATE
07-25 11:54:35.154  6643  6643 V ActivityScenario: Activity lifecycle changed event received but ignored because the intent does not match. startActivityIntent=Intent { act=android.intent.action.MAIN cat=[android.intent.category.LAUNCHER] flg=0x10008000 cmp=com.example.rbcweather/androidx.activity.ComponentActivity }, activity.getIntent()=Intent { act=android.intent.action.MAIN cat=[android.intent.category.LAUNCHER] flg=0x10000000 xflg=0x4 cmp=com.example.rbcweather/androidx.test.core.app.InstrumentationActivityInvoker$EmptyActivity }, activity=androidx.test.core.app.InstrumentationActivityInvoker$EmptyActivity@1beda32
07-25 11:54:35.157   523   523 I BpBinder: onLastStrongRef automatically unlinking death recipients:
07-25 11:54:35.158  6643  6643 D LifecycleMonitor: Lifecycle status change: androidx.test.core.app.InstrumentationActivityInvoker$EmptyActivity@1beda32 in: CREATED
07-25 11:54:35.158  6643  6643 V ActivityScenario: Activity lifecycle changed event received but ignored because the intent does not match. startActivityIntent=Intent { act=android.intent.action.MAIN cat=[android.intent.category.LAUNCHER] flg=0x10008000 cmp=com.example.rbcweather/androidx.activity.ComponentActivity }, activity.getIntent()=Intent { act=android.intent.action.MAIN cat=[android.intent.category.LAUNCHER] flg=0x10000000 xflg=0x4 cmp=com.example.rbcweather/androidx.test.core.app.InstrumentationActivityInvoker$EmptyActivity }, activity=androidx.test.core.app.InstrumentationActivityInvoker$EmptyActivity@1beda32
07-25 11:54:35.158  6643  6643 D LifecycleMonitor: Lifecycle status change: androidx.test.core.app.InstrumentationActivityInvoker$EmptyActivity@1beda32 in: STARTED
07-25 11:54:35.158  6643  6643 V ActivityScenario: Activity lifecycle changed event received but ignored because the intent does not match. startActivityIntent=Intent { act=android.intent.action.MAIN cat=[android.intent.category.LAUNCHER] flg=0x10008000 cmp=com.example.rbcweather/androidx.activity.ComponentActivity }, activity.getIntent()=Intent { act=android.intent.action.MAIN cat=[android.intent.category.LAUNCHER] flg=0x10000000 xflg=0x4 cmp=com.example.rbcweather/androidx.test.core.app.InstrumentationActivityInvoker$EmptyActivity }, activity=androidx.test.core.app.InstrumentationActivityInvoker$EmptyActivity@1beda32
07-25 11:54:35.159  6643  6643 D AutofillManager: Fill dialog is enabled:false, hints=[]
07-25 11:54:35.161  6643  6643 D LifecycleMonitor: Lifecycle status change: androidx.test.core.app.InstrumentationActivityInvoker$EmptyActivity@1beda32 in: RESUMED
07-25 11:54:35.161  6643  6643 V ActivityScenario: Activity lifecycle changed event received but ignored because the intent does not match. startActivityIntent=Intent { act=android.intent.action.MAIN cat=[android.intent.category.LAUNCHER] flg=0x10008000 cmp=com.example.rbcweather/androidx.activity.ComponentActivity }, activity.getIntent()=Intent { act=android.intent.action.MAIN cat=[android.intent.category.LAUNCHER] flg=0x10000000 xflg=0x4 cmp=com.example.rbcweather/androidx.test.core.app.InstrumentationActivityInvoker$EmptyActivity }, activity=androidx.test.core.app.InstrumentationActivityInvoker$EmptyActivity@1beda32
07-25 11:54:35.194   700   736 I ActivityTaskManager: Displayed com.example.rbcweather/androidx.test.core.app.InstrumentationActivityInvoker$EmptyActivity for user 0: +49ms
07-25 11:54:35.199  6643  6643 D VRI[ComponentActivity]: visibilityChanged oldVisibility=true newVisibility=false
07-25 11:54:35.212   523   668 I BpBinder: onLastStrongRef automatically unlinking death recipients:
07-25 11:54:35.215  6643  6643 D LifecycleMonitor: Lifecycle status change: androidx.activity.ComponentActivity@b04478a in: STOPPED
07-25 11:54:35.215  6643  6643 V ActivityScenario: Update currentActivityStage to STOPPED, currentActivity=androidx.activity.ComponentActivity@b04478a
07-25 11:54:35.224   523   523 I BpBinder: onLastStrongRef automatically unlinking death recipients:
07-25 11:54:35.231  6643  6643 D LifecycleMonitor: Lifecycle status change: androidx.activity.ComponentActivity@b04478a in: DESTROYED
07-25 11:54:35.231  6643  6643 V ActivityScenario: Update currentActivityStage to DESTROYED, currentActivity=null
07-25 11:54:35.232  6643  6643 W WindowOnBackDispatcher: sendCancelIfRunning: isInProgress=false callback=android.view.ViewRootImpl$$ExternalSyntheticLambda13@e997666
07-25 11:54:35.237  6643  6643 D ViewRootImpl: Skipping stats log for color mode
07-25 11:54:35.239   700  1824 I ImeTracker: system_server:f6c36b55: onRequestHide at ORIGIN_SERVER reason IME_REQUESTED_CHANGED_LISTENER fromUser false
07-25 11:54:35.239   700   739 I ImeTracker: system_server:f6c36b55: onCancelled at PHASE_SERVER_SHOULD_HIDE
07-25 11:54:35.244  6643  6643 D LifecycleMonitor: Lifecycle status change: androidx.test.core.app.InstrumentationActivityInvoker$EmptyActivity@1beda32 in: PAUSED
07-25 11:54:35.244  6643  6643 V ActivityScenario: Activity lifecycle changed event received but ignored because the intent does not match. startActivityIntent=Intent { act=android.intent.action.MAIN cat=[android.intent.category.LAUNCHER] flg=0x10008000 cmp=com.example.rbcweather/androidx.activity.ComponentActivity }, activity.getIntent()=Intent { act=android.intent.action.MAIN cat=[android.intent.category.LAUNCHER] flg=0x10000000 xflg=0x4 cmp=com.example.rbcweather/androidx.test.core.app.InstrumentationActivityInvoker$EmptyActivity }, activity=androidx.test.core.app.InstrumentationActivityInvoker$EmptyActivity@1beda32
07-25 11:54:35.248  1129  1129 D ViewRootImpl: Skipping stats log for color mode
07-25 11:54:35.253  1129  1129 D StatsLog: LAUNCHER_ONRESUME
07-25 11:54:35.257  1694  1969 I AiAiEcho: Predicting[0]:  [CONTEXT sampling_count=5 ]
07-25 11:54:35.257  1694  1969 I AiAiEcho: EchoTargets:
07-25 11:54:35.257  1694  1969 I AiAiEcho: Filtered by AiAi flag check:
07-25 11:54:35.257  1694  1969 I AiAiEcho: [CONTEXT ratelimit_period="10 SECONDS" ]
07-25 11:54:35.257  1129  1129 D NexusLauncherModelDelegate: notifySmartspaceEvent: SmartspaceTargetEvent{mSmartspaceTarget=null, mSmartspaceActionId='null', mEventType=6}
07-25 11:54:35.259  1129  1191 D QuickstepModelDelegate: notifyAppTargetEvent action=1 launchLocation=workspace/0/[-1,-1]/[1,1]
07-25 11:54:35.259  1694  1969 I AiAiEcho: #remoteViewsTwiddler: feature disabled.
07-25 11:54:35.261  1694  1969 I AiAiEcho: #postPredictionTargets: Sending updates to UISurface home with targets# 0 (types=[])
07-25 11:54:35.268  1129  1129 D BaseDepthController: setSurface:
07-25 11:54:35.268  1129  1129 D BaseDepthController: 	mWaitingOnSurfaceValidity: false
07-25 11:54:35.268  1129  1129 D BaseDepthController: 	mBaseSurface: Surface(name=com.google.android.apps.nexuslauncher/com.google.android.apps.nexuslauncher.NexusLauncherActivity)/@0x3f1658c
07-25 11:54:35.286  6643  6675 D IdlingRegistry: Unregistering idling resources: [androidx.compose.ui.test.EspressoLink@a726efc]
07-25 11:54:35.287  6643  6675 I TestRunner: finished: shouldShowLocationName(com.example.rbcweather.presentation.detailscreen.WeatherDetailScreenTest)
